[36mvite v6.4.1 [32mbuilding for production...[36m[39m
transforming...
[32mΓ£ô[39m 41 modules transformed.
node.exe : [31mΓ£ù[39m Build failed in 1.15s
At line:1 char:1
+ & "C:\Program Files\nodejs/node.exe" "C:\Program 
Files\nodejs/node_mo ...
+ ~~~~~~~~~~~~~~~~~~~~~~~~~~~~~~~~~~~~~~~~~~~~~~~~~~~~~~~~~~~~~~~~~
~~~~
    + CategoryInfo          : NotSpecified: ([31mΓ£ù[39m Build f 
   ailed in 1.15s:String) [], RemoteException
    + FullyQualifiedErrorId : NativeCommandError
 
[31merror during build:
[31m[vite-plugin-pwa:build] There was an error during the build:
  index.tsx (4:7): "default" is not exported by "app.js", imported 
by "index.tsx".
Additionally, handling the error in the 'buildEnd' hook caused the 
following error:
  index.tsx (4:7): "default" is not exported by "app.js", imported 
by "index.tsx".[31m
file: [36mC:/Users/Yashwin/Documents/Batchwise/index.tsx:4:7[31m
[33m
2: import React from 'react';
3: import ReactDOM from 'react-dom/client';
4: import App from './App';
          ^
5: 
6: import { BrowserRouter } from 'react-router-dom';
[31m
    at getRollupError (file:///C:/Users/Yashwin/Documents/Batchwise
/node_modules/rollup/dist/es/shared/parseAst.js:402:41)
    at file:///C:/Users/Yashwin/Documents/Batchwise/node_modules/ro
llup/dist/es/shared/node-entry.js:23444:39
    at async catchUnfinishedHookActions (file:///C:/Users/Yashwin/D
ocuments/Batchwise/node_modules/rollup/dist/es/shared/node-entry.js
:22902:16)
    at async rollupInternal (file:///C:/Users/Yashwin/Documents/Bat
chwise/node_modules/rollup/dist/es/shared/node-entry.js:23427:5)
    at async buildEnvironment (file:///C:/Users/Yashwin/Documents/B
atchwise/node_modules/vite/dist/node/chunks/dep-D4NMHUTW.js:46235:1
4)
    at async Object.defaultBuildApp [as buildApp] (file:///C:/Users
/Yashwin/Documents/Batchwise/node_modules/vite/dist/node/chunks/dep
-D4NMHUTW.js:46713:5)
    at async CAC.<anonymous> (file:///C:/Users/Yashwin/Documents/Ba
tchwise/node_modules/vite/dist/node/cli.js:863:7)[39m
